// Jest Snapshot v1, https://goo.gl/fbAQLP

exports[`Rendering the Members Page renders correctly 1`] = `
{
  "asFragment": [Function],
  "baseElement": <body>
    <div>
      <div
        class="w-full flex flex-col justify-center gap-12 px-8 md:px-12 pb-8"
      >
        <div
          class="w-full font-semibold text-2xl md:text-3xl lg:text-4xl text-black"
          data-testid="members-page-title"
          id="members-page-title"
        >
          Members
        </div>
        <a
          class="btn btn-md capitalize font-normal text-white text-sm md:text-base btn-secondary rounded-2xl"
          data-testid="add-members-button"
          href="/dashboard/add-members"
          id="add-members-button"
        >
          Add Members
        </a>
        <ul
          class="w-full flex flex-col justify-center items-center gap-4"
        >
          <li
            class="flex flex-row w-full rounded-xl border-0 text-black items-center min-h-[2rem] bg-neutralTransparent font-semibold"
            id="table-header"
          >
            <div
              class="w-1/5 px-4 md:px-8"
            >
              Name
            </div>
            <div
              class="w-1/5 px-4 md:px-8"
            >
              ID
            </div>
            <div
              class="w-1/5 px-4 md:px-8"
            >
              Membership
            </div>
            <div
              class="w-1/5 px-4 md:px-8"
            >
              Position
            </div>
            <div
              class="w-1/5 px-4 md:px-8"
            >
              Options
            </div>
          </li>
        </ul>
        <dialog
          class="modal"
          data-testid="delete-member-modal"
          id="delete-member-modal"
        >
          <div
            class="modal-box border-2 border-primary"
          >
            <h3
              class="font-bold text-lg"
              id="modal-header"
            >
              Delete Member
            </h3>
            <p
              class="py-4"
              id="modal-message"
            >
              Are you sure you want to delete member with UID 0?
            </p>
            <div
              class="modal-action"
            >
              <form
                method="dialog"
              >
                <div
                  class="flex gap-3"
                  id="modal-button-container"
                >
                  <button
                    class="btn btn-md capitalize font-normal text-white text-sm md:text-base btn btn-outline btn-accent rounded-xl"
                    data-testid="Cancel-button"
                    id="Cancel-button"
                  >
                    Cancel
                  </button>
                  <button
                    class="btn btn-md capitalize font-normal text-white text-sm md:text-base btn btn-outline btn-secondary rounded-xl"
                    data-testid="Confirm-button"
                    id="Confirm-button"
                  >
                    Confirm
                  </button>
                </div>
              </form>
            </div>
          </div>
        </dialog>
      </div>
    </div>
  </body>,
  "container": <div>
    <div
      class="w-full flex flex-col justify-center gap-12 px-8 md:px-12 pb-8"
    >
      <div
        class="w-full font-semibold text-2xl md:text-3xl lg:text-4xl text-black"
        data-testid="members-page-title"
        id="members-page-title"
      >
        Members
      </div>
      <a
        class="btn btn-md capitalize font-normal text-white text-sm md:text-base btn-secondary rounded-2xl"
        data-testid="add-members-button"
        href="/dashboard/add-members"
        id="add-members-button"
      >
        Add Members
      </a>
      <ul
        class="w-full flex flex-col justify-center items-center gap-4"
      >
        <li
          class="flex flex-row w-full rounded-xl border-0 text-black items-center min-h-[2rem] bg-neutralTransparent font-semibold"
          id="table-header"
        >
          <div
            class="w-1/5 px-4 md:px-8"
          >
            Name
          </div>
          <div
            class="w-1/5 px-4 md:px-8"
          >
            ID
          </div>
          <div
            class="w-1/5 px-4 md:px-8"
          >
            Membership
          </div>
          <div
            class="w-1/5 px-4 md:px-8"
          >
            Position
          </div>
          <div
            class="w-1/5 px-4 md:px-8"
          >
            Options
          </div>
        </li>
      </ul>
      <dialog
        class="modal"
        data-testid="delete-member-modal"
        id="delete-member-modal"
      >
        <div
          class="modal-box border-2 border-primary"
        >
          <h3
            class="font-bold text-lg"
            id="modal-header"
          >
            Delete Member
          </h3>
          <p
            class="py-4"
            id="modal-message"
          >
            Are you sure you want to delete member with UID 0?
          </p>
          <div
            class="modal-action"
          >
            <form
              method="dialog"
            >
              <div
                class="flex gap-3"
                id="modal-button-container"
              >
                <button
                  class="btn btn-md capitalize font-normal text-white text-sm md:text-base btn btn-outline btn-accent rounded-xl"
                  data-testid="Cancel-button"
                  id="Cancel-button"
                >
                  Cancel
                </button>
                <button
                  class="btn btn-md capitalize font-normal text-white text-sm md:text-base btn btn-outline btn-secondary rounded-xl"
                  data-testid="Confirm-button"
                  id="Confirm-button"
                >
                  Confirm
                </button>
              </div>
            </form>
          </div>
        </div>
      </dialog>
    </div>
  </div>,
  "debug": [Function],
  "findAllByAltText": [Function],
  "findAllByDisplayValue": [Function],
  "findAllByLabelText": [Function],
  "findAllByPlaceholderText": [Function],
  "findAllByRole": [Function],
  "findAllByTestId": [Function],
  "findAllByText": [Function],
  "findAllByTitle": [Function],
  "findByAltText": [Function],
  "findByDisplayValue": [Function],
  "findByLabelText": [Function],
  "findByPlaceholderText": [Function],
  "findByRole": [Function],
  "findByTestId": [Function],
  "findByText": [Function],
  "findByTitle": [Function],
  "getAllByAltText": [Function],
  "getAllByDisplayValue": [Function],
  "getAllByLabelText": [Function],
  "getAllByPlaceholderText": [Function],
  "getAllByRole": [Function],
  "getAllByTestId": [Function],
  "getAllByText": [Function],
  "getAllByTitle": [Function],
  "getByAltText": [Function],
  "getByDisplayValue": [Function],
  "getByLabelText": [Function],
  "getByPlaceholderText": [Function],
  "getByRole": [Function],
  "getByTestId": [Function],
  "getByText": [Function],
  "getByTitle": [Function],
  "queryAllByAltText": [Function],
  "queryAllByDisplayValue": [Function],
  "queryAllByLabelText": [Function],
  "queryAllByPlaceholderText": [Function],
  "queryAllByRole": [Function],
  "queryAllByTestId": [Function],
  "queryAllByText": [Function],
  "queryAllByTitle": [Function],
  "queryByAltText": [Function],
  "queryByDisplayValue": [Function],
  "queryByLabelText": [Function],
  "queryByPlaceholderText": [Function],
  "queryByRole": [Function],
  "queryByTestId": [Function],
  "queryByText": [Function],
  "queryByTitle": [Function],
  "rerender": [Function],
  "unmount": [Function],
}
`;
