// Jest Snapshot v1, https://goo.gl/fbAQLP

exports[`Rendering the Settings Page renders correctly 1`] = `
{
  "asFragment": [Function],
  "baseElement": <body>
    <div>
      <div
        class="px-4 md:px-8"
        id="settings-outer-container"
      >
        <div
          class="w-full font-semibold text-2xl md:text-3xl lg:text-4xl text-black mb-4"
          data-testid="settings-page-title"
          id="settings-page-title"
        >
          Settings
        </div>
        <a
          class="btn btn-md capitalize font-normal text-white text-sm md:text-base btn-secondary rounded-2xl"
          data-testid="delete-org-button"
          href="/dashboard/delete-org"
          id="delete-org-button"
        >
          Delete Organization
        </a>
      </div>
    </div>
  </body>,
  "container": <div>
    <div
      class="px-4 md:px-8"
      id="settings-outer-container"
    >
      <div
        class="w-full font-semibold text-2xl md:text-3xl lg:text-4xl text-black mb-4"
        data-testid="settings-page-title"
        id="settings-page-title"
      >
        Settings
      </div>
      <a
        class="btn btn-md capitalize font-normal text-white text-sm md:text-base btn-secondary rounded-2xl"
        data-testid="delete-org-button"
        href="/dashboard/delete-org"
        id="delete-org-button"
      >
        Delete Organization
      </a>
    </div>
  </div>,
  "debug": [Function],
  "findAllByAltText": [Function],
  "findAllByDisplayValue": [Function],
  "findAllByLabelText": [Function],
  "findAllByPlaceholderText": [Function],
  "findAllByRole": [Function],
  "findAllByTestId": [Function],
  "findAllByText": [Function],
  "findAllByTitle": [Function],
  "findByAltText": [Function],
  "findByDisplayValue": [Function],
  "findByLabelText": [Function],
  "findByPlaceholderText": [Function],
  "findByRole": [Function],
  "findByTestId": [Function],
  "findByText": [Function],
  "findByTitle": [Function],
  "getAllByAltText": [Function],
  "getAllByDisplayValue": [Function],
  "getAllByLabelText": [Function],
  "getAllByPlaceholderText": [Function],
  "getAllByRole": [Function],
  "getAllByTestId": [Function],
  "getAllByText": [Function],
  "getAllByTitle": [Function],
  "getByAltText": [Function],
  "getByDisplayValue": [Function],
  "getByLabelText": [Function],
  "getByPlaceholderText": [Function],
  "getByRole": [Function],
  "getByTestId": [Function],
  "getByText": [Function],
  "getByTitle": [Function],
  "queryAllByAltText": [Function],
  "queryAllByDisplayValue": [Function],
  "queryAllByLabelText": [Function],
  "queryAllByPlaceholderText": [Function],
  "queryAllByRole": [Function],
  "queryAllByTestId": [Function],
  "queryAllByText": [Function],
  "queryAllByTitle": [Function],
  "queryByAltText": [Function],
  "queryByDisplayValue": [Function],
  "queryByLabelText": [Function],
  "queryByPlaceholderText": [Function],
  "queryByRole": [Function],
  "queryByTestId": [Function],
  "queryByText": [Function],
  "queryByTitle": [Function],
  "rerender": [Function],
  "unmount": [Function],
}
`;
